../Core/Src/main.c:178:5:main	24	static,ignoring_inline_asm
../Core/Src/main.c:240:13:init_ADC	24	static
../Core/Src/main.c:297:14:fir_update	24	static
../Core/Src/main.c:316:13:ADC_transfer_task	144	static
../Core/Src/main.c:412:13:control_task	200	static
../Core/Src/main.c:485:6:HAL_GPIO_EXTI_Callback	16	static
../Core/Src/main.c:493:5:_write	24	static
../Core/Src/main.c:501:6:StartDefaultTask	16	static
../Core/Src/main.c:507:6:SystemClock_Config	120	static
../Core/Src/main.c:544:13:MX_SPI1_Init	8	static
../Core/Src/main.c:571:13:MX_TIM2_Init	48	static
../Core/Src/main.c:597:13:MX_USART3_UART_Init	8	static
../Core/Src/main.c:616:13:MX_GPIO_Init	48	static
../Core/Src/main.c:656:6:HAL_TIM_PeriodElapsedCallback	16	static
../Core/Src/main.c:662:6:Error_Handler	4	static,ignoring_inline_asm
